npm error code ECONNRESET
npm error syscall read
npm error errno ECONNRESET
npm error network Invalid response body while trying to fetch https://registry.npmjs.org/next: read ECONNRESET
npm error network This is a problem related to network connectivity.
npm error network In most cases you are behind a proxy or have bad network settings.
npm error network
npm error network If you are behind a proxy, please make sure that the
npm error network 'proxy' config is set properly.  See: 'npm help config'
npm error A complete log of this run can be found in: C:\Users\Awer.rror\AppData\Local\npm-cache\_logs\2026-04-04T04_44_20_912Z-debug-0.log
